// Jest Snapshot v1, https://goo.gl/fbAQLP

exports[`order table renders order table correctly 1`] = `
<DocumentFragment>
  <div
    class="MuiPaper-root MuiPaper-elevation0 MuiPaper-rounded"
    style="position: relative;"
  >
    <div
      class="makeStyles-grow-33"
    >
      <header
        class="MuiPaper-root MuiAppBar-root MuiAppBar-positionStatic MuiAppBar-colorPrimary MuiPaper-elevation4"
      >
        <div
          class="MuiToolbar-root MuiToolbar-regular MuiToolbar-gutters"
        >
          <button
            aria-label="open drawer"
            class="MuiButtonBase-root MuiIconButton-root makeStyles-menuButton-34 MuiIconButton-colorInherit MuiIconButton-edgeStart"
            tabindex="0"
            type="button"
          >
            <span
              class="MuiIconButton-label"
            >
              <svg
                aria-hidden="true"
                class="MuiSvgIcon-root"
                focusable="false"
                role="presentation"
                viewBox="0 0 24 24"
              >
                <path
                  d="M3 18h18v-2H3v2zm0-5h18v-2H3v2zm0-7v2h18V6H3z"
                />
              </svg>
            </span>
            <span
              class="MuiTouchRipple-root"
            />
          </button>
          <div
            class="makeStyles-grow-33"
          >
            <div
              class="MuiToolbar-root MuiToolbar-regular MTableToolbar-root-73 MuiToolbar-gutters"
            >
              <div
                class="MTableToolbar-title-77"
              >
                <h6
                  class="MuiTypography-root MuiTypography-h6"
                  style="white-space: nowrap; overflow: hidden; text-overflow: ellipsis;"
                >
                  Таблица заказов
                </h6>
              </div>
              <div
                class="MTableToolbar-spacer-75"
              />
              <div
                class="MuiFormControl-root MuiTextField-root MTableToolbar-searchField-78"
              >
                <div
                  class="MuiInputBase-root MuiInput-root MuiInput-underline MuiInputBase-formControl MuiInput-formControl MuiInputBase-adornedStart MuiInputBase-adornedEnd"
                  style="color: white;"
                >
                  <div
                    class="MuiInputAdornment-root MuiInputAdornment-positionStart"
                  >
                    <svg
                      aria-hidden="true"
                      class="MuiSvgIcon-root MuiSvgIcon-fontSizeSmall"
                      focusable="false"
                      role="presentation"
                      title="Поиск"
                      viewBox="0 0 24 24"
                    >
                      <path
                        d="M15.5 14h-.79l-.28-.27C15.41 12.59 16 11.11 16 9.5 16 5.91 13.09 3 9.5 3S3 5.91 3 9.5 5.91 16 9.5 16c1.61 0 3.09-.59 4.23-1.57l.27.28v.79l5 4.99L20.49 19l-4.99-5zm-6 0C7.01 14 5 11.99 5 9.5S7.01 5 9.5 5 14 7.01 14 9.5 11.99 14 9.5 14z"
                      />
                    </svg>
                  </div>
                  <input
                    aria-invalid="false"
                    class="MuiInputBase-input MuiInput-input MuiInputBase-inputAdornedStart MuiInputBase-inputAdornedEnd"
                    placeholder="Поиск"
                    type="text"
                    value=""
                  />
                  <div
                    class="MuiInputAdornment-root MuiInputAdornment-positionEnd"
                  >
                    <button
                      class="MuiButtonBase-root MuiIconButton-root Mui-disabled Mui-disabled"
                      disabled=""
                      tabindex="-1"
                      type="button"
                    >
                      <span
                        class="MuiIconButton-label"
                      >
                        <svg
                          aria-hidden="true"
                          class="MuiSvgIcon-root MuiSvgIcon-fontSizeSmall"
                          focusable="false"
                          role="presentation"
                          viewBox="0 0 24 24"
                        >
                          <path
                            d="M19 6.41L17.59 5 12 10.59 6.41 5 5 6.41 10.59 12 5 17.59 6.41 19 12 13.41 17.59 19 19 17.59 13.41 12z"
                          />
                        </svg>
                      </span>
                    </button>
                  </div>
                </div>
              </div>
              <div
                class="MTableToolbar-actions-76"
              >
                <div>
                  <div>
                    <span />
                  </div>
                </div>
              </div>
            </div>
          </div>
          <div
            class="makeStyles-sectionDesktop-35"
          >
            <button
              aria-label="show 4 new mails"
              class="MuiButtonBase-root MuiIconButton-root MuiIconButton-colorInherit"
              tabindex="0"
              type="button"
            >
              <span
                class="MuiIconButton-label"
              >
                <span
                  class="MuiBadge-root"
                >
                  <svg
                    aria-hidden="true"
                    class="MuiSvgIcon-root"
                    focusable="false"
                    role="presentation"
                    viewBox="0 0 24 24"
                  >
                    <path
                      d="M20 4H4c-1.1 0-1.99.9-1.99 2L2 18c0 1.1.9 2 2 2h16c1.1 0 2-.9 2-2V6c0-1.1-.9-2-2-2zm0 4l-8 5-8-5V6l8 5 8-5v2z"
                    />
                  </svg>
                  <span
                    class="MuiBadge-badge MuiBadge-anchorOriginTopRightRectangle MuiBadge-colorSecondary"
                  >
                    4
                  </span>
                </span>
              </span>
              <span
                class="MuiTouchRipple-root"
              />
            </button>
            <button
              aria-label="show 7 new notifications"
              class="MuiButtonBase-root MuiIconButton-root MuiIconButton-colorInherit"
              tabindex="0"
              type="button"
            >
              <span
                class="MuiIconButton-label"
              >
                <span
                  class="MuiBadge-root"
                >
                  <svg
                    aria-hidden="true"
                    class="MuiSvgIcon-root"
                    focusable="false"
                    role="presentation"
                    viewBox="0 0 24 24"
                  >
                    <path
                      d="M12 22c1.1 0 2-.9 2-2h-4c0 1.1.89 2 2 2zm6-6v-5c0-3.07-1.64-5.64-4.5-6.32V4c0-.83-.67-1.5-1.5-1.5s-1.5.67-1.5 1.5v.68C7.63 5.36 6 7.92 6 11v5l-2 2v1h16v-1l-2-2z"
                    />
                  </svg>
                  <span
                    class="MuiBadge-badge MuiBadge-anchorOriginTopRightRectangle MuiBadge-colorSecondary"
                  >
                    7
                  </span>
                </span>
              </span>
              <span
                class="MuiTouchRipple-root"
              />
            </button>
            <button
              aria-controls="account-menu"
              aria-haspopup="true"
              aria-label="account of current user"
              class="MuiButtonBase-root MuiIconButton-root MuiIconButton-colorInherit MuiIconButton-edgeEnd"
              tabindex="0"
              type="button"
            >
              <span
                class="MuiIconButton-label"
              >
                <svg
                  aria-hidden="true"
                  class="MuiSvgIcon-root"
                  focusable="false"
                  role="presentation"
                  viewBox="0 0 24 24"
                >
                  <path
                    d="M12 2C6.48 2 2 6.48 2 12s4.48 10 10 10 10-4.48 10-10S17.52 2 12 2zm0 3c1.66 0 3 1.34 3 3s-1.34 3-3 3-3-1.34-3-3 1.34-3 3-3zm0 14.2c-2.5 0-4.71-1.28-6-3.22.03-1.99 4-3.08 6-3.08 1.99 0 5.97 1.09 6 3.08-1.29 1.94-3.5 3.22-6 3.22z"
                  />
                </svg>
              </span>
              <span
                class="MuiTouchRipple-root"
              />
            </button>
          </div>
          <div
            class="makeStyles-sectionMobile-36"
          >
            <button
              aria-controls="account-menu-mobile"
              aria-haspopup="true"
              aria-label="show more"
              class="MuiButtonBase-root MuiIconButton-root MuiIconButton-colorInherit"
              tabindex="0"
              type="button"
            >
              <span
                class="MuiIconButton-label"
              >
                <svg
                  aria-hidden="true"
                  class="MuiSvgIcon-root"
                  focusable="false"
                  role="presentation"
                  viewBox="0 0 24 24"
                >
                  <path
                    d="M12 8c1.1 0 2-.9 2-2s-.9-2-2-2-2 .9-2 2 .9 2 2 2zm0 2c-1.1 0-2 .9-2 2s.9 2 2 2 2-.9 2-2-.9-2-2-2zm0 6c-1.1 0-2 .9-2 2s.9 2 2 2 2-.9 2-2-.9-2-2-2z"
                  />
                </svg>
              </span>
              <span
                class="MuiTouchRipple-root"
              />
            </button>
          </div>
        </div>
      </header>
    </div>
    <div
      class="Component-horizontalScrollContainer-184"
      style="overflow-x: auto; position: relative;"
    >
      <div>
        <div
          style="overflow-y: auto;"
        >
          <div>
            <table
              class="MuiTable-root"
              style="table-layout: auto;"
            >
              <thead
                class="MuiTableHead-root"
              >
                <tr
                  class="MuiTableRow-root MuiTableRow-head"
                >
                  <th
                    class="MuiTableCell-root MuiTableCell-head MTableHeader-header-187 MuiTableCell-alignRight"
                    scope="col"
                    style="max-width: 20px; box-sizing: border-box;"
                  >
                    <span
                      aria-disabled="false"
                      class="MuiButtonBase-root MuiTableSortLabel-root MuiTableSortLabel-active"
                      role="button"
                      tabindex="0"
                    >
                      <div
                        aria-roledescription="Draggable item. Press space bar to lift"
                        data-react-beautiful-dnd-drag-handle="0"
                        data-react-beautiful-dnd-draggable="0"
                        draggable="false"
                        tabindex="0"
                      >
                        Номер
                      </div>
                      <button
                        class="MuiButtonBase-root MuiIconButton-root MuiIconButton-sizeSmall"
                        tabindex="0"
                        type="button"
                      >
                        <span
                          class="MuiIconButton-label"
                        >
                          <svg
                            aria-hidden="true"
                            class="MuiSvgIcon-root MuiTableSortLabel-icon MuiTableSortLabel-iconDirectionDesc"
                            focusable="false"
                            role="presentation"
                            style="margin: 0px;"
                            viewBox="0 0 24 24"
                          >
                            <path
                              d="M20 12l-1.41-1.41L13 16.17V4h-2v12.17l-5.58-5.59L4 12l8 8 8-8z"
                            />
                          </svg>
                        </span>
                        <span
                          class="MuiTouchRipple-root"
                        />
                      </button>
                    </span>
                  </th>
                  <th
                    class="MuiTableCell-root MuiTableCell-head MTableHeader-header-187 MuiTableCell-alignLeft"
                    scope="col"
                    style="box-sizing: border-box;"
                  >
                    <span
                      aria-disabled="false"
                      class="MuiButtonBase-root MuiTableSortLabel-root"
                      role="button"
                      tabindex="0"
                    >
                      <div
                        aria-roledescription="Draggable item. Press space bar to lift"
                        data-react-beautiful-dnd-drag-handle="0"
                        data-react-beautiful-dnd-draggable="0"
                        draggable="false"
                        tabindex="0"
                      >
                        Название
                      </div>
                      <button
                        class="MuiButtonBase-root MuiIconButton-root MuiIconButton-sizeSmall"
                        tabindex="0"
                        type="button"
                      >
                        <span
                          class="MuiIconButton-label"
                        >
                          <svg
                            aria-hidden="true"
                            class="MuiSvgIcon-root MuiTableSortLabel-icon MuiTableSortLabel-iconDirectionDesc"
                            focusable="false"
                            role="presentation"
                            style="margin: 0px;"
                            viewBox="0 0 24 24"
                          >
                            <path
                              d="M20 12l-1.41-1.41L13 16.17V4h-2v12.17l-5.58-5.59L4 12l8 8 8-8z"
                            />
                          </svg>
                        </span>
                        <span
                          class="MuiTouchRipple-root"
                        />
                      </button>
                    </span>
                  </th>
                  <th
                    class="MuiTableCell-root MuiTableCell-head MTableHeader-header-187 MuiTableCell-alignLeft"
                    scope="col"
                    style="box-sizing: border-box;"
                  >
                    <span
                      aria-disabled="false"
                      class="MuiButtonBase-root MuiTableSortLabel-root"
                      role="button"
                      tabindex="0"
                    >
                      <div
                        aria-roledescription="Draggable item. Press space bar to lift"
                        data-react-beautiful-dnd-drag-handle="0"
                        data-react-beautiful-dnd-draggable="0"
                        draggable="false"
                        tabindex="0"
                      >
                        Тип
                      </div>
                      <button
                        class="MuiButtonBase-root MuiIconButton-root MuiIconButton-sizeSmall"
                        tabindex="0"
                        type="button"
                      >
                        <span
                          class="MuiIconButton-label"
                        >
                          <svg
                            aria-hidden="true"
                            class="MuiSvgIcon-root MuiTableSortLabel-icon MuiTableSortLabel-iconDirectionDesc"
                            focusable="false"
                            role="presentation"
                            style="margin: 0px;"
                            viewBox="0 0 24 24"
                          >
                            <path
                              d="M20 12l-1.41-1.41L13 16.17V4h-2v12.17l-5.58-5.59L4 12l8 8 8-8z"
                            />
                          </svg>
                        </span>
                        <span
                          class="MuiTouchRipple-root"
                        />
                      </button>
                    </span>
                  </th>
                  <th
                    class="MuiTableCell-root MuiTableCell-head MTableHeader-header-187 MuiTableCell-alignLeft"
                    scope="col"
                    style="box-sizing: border-box;"
                  >
                    <span
                      aria-disabled="false"
                      class="MuiButtonBase-root MuiTableSortLabel-root"
                      role="button"
                      tabindex="0"
                    >
                      <div
                        aria-roledescription="Draggable item. Press space bar to lift"
                        data-react-beautiful-dnd-drag-handle="0"
                        data-react-beautiful-dnd-draggable="0"
                        draggable="false"
                        tabindex="0"
                      >
                        Менеджер
                      </div>
                      <button
                        class="MuiButtonBase-root MuiIconButton-root MuiIconButton-sizeSmall"
                        tabindex="0"
                        type="button"
                      >
                        <span
                          class="MuiIconButton-label"
                        >
                          <svg
                            aria-hidden="true"
                            class="MuiSvgIcon-root MuiTableSortLabel-icon MuiTableSortLabel-iconDirectionDesc"
                            focusable="false"
                            role="presentation"
                            style="margin: 0px;"
                            viewBox="0 0 24 24"
                          >
                            <path
                              d="M20 12l-1.41-1.41L13 16.17V4h-2v12.17l-5.58-5.59L4 12l8 8 8-8z"
                            />
                          </svg>
                        </span>
                        <span
                          class="MuiTouchRipple-root"
                        />
                      </button>
                    </span>
                  </th>
                  <th
                    class="MuiTableCell-root MuiTableCell-head MTableHeader-header-187 MuiTableCell-alignLeft"
                    scope="col"
                    style="box-sizing: border-box;"
                  >
                    <span
                      aria-disabled="false"
                      class="MuiButtonBase-root MuiTableSortLabel-root"
                      role="button"
                      tabindex="0"
                    >
                      <div
                        aria-roledescription="Draggable item. Press space bar to lift"
                        data-react-beautiful-dnd-drag-handle="0"
                        data-react-beautiful-dnd-draggable="0"
                        draggable="false"
                        tabindex="0"
                      >
                        Клиент
                      </div>
                      <button
                        class="MuiButtonBase-root MuiIconButton-root MuiIconButton-sizeSmall"
                        tabindex="0"
                        type="button"
                      >
                        <span
                          class="MuiIconButton-label"
                        >
                          <svg
                            aria-hidden="true"
                            class="MuiSvgIcon-root MuiTableSortLabel-icon MuiTableSortLabel-iconDirectionDesc"
                            focusable="false"
                            role="presentation"
                            style="margin: 0px;"
                            viewBox="0 0 24 24"
                          >
                            <path
                              d="M20 12l-1.41-1.41L13 16.17V4h-2v12.17l-5.58-5.59L4 12l8 8 8-8z"
                            />
                          </svg>
                        </span>
                        <span
                          class="MuiTouchRipple-root"
                        />
                      </button>
                    </span>
                  </th>
                  <th
                    class="MuiTableCell-root MuiTableCell-head MTableHeader-header-187 MuiTableCell-alignLeft"
                    scope="col"
                    style="box-sizing: border-box;"
                  >
                    <span
                      aria-disabled="false"
                      class="MuiButtonBase-root MuiTableSortLabel-root"
                      role="button"
                      tabindex="0"
                    >
                      <div
                        aria-roledescription="Draggable item. Press space bar to lift"
                        data-react-beautiful-dnd-drag-handle="0"
                        data-react-beautiful-dnd-draggable="0"
                        draggable="false"
                        tabindex="0"
                      >
                        Организация
                      </div>
                      <button
                        class="MuiButtonBase-root MuiIconButton-root MuiIconButton-sizeSmall"
                        tabindex="0"
                        type="button"
                      >
                        <span
                          class="MuiIconButton-label"
                        >
                          <svg
                            aria-hidden="true"
                            class="MuiSvgIcon-root MuiTableSortLabel-icon MuiTableSortLabel-iconDirectionDesc"
                            focusable="false"
                            role="presentation"
                            style="margin: 0px;"
                            viewBox="0 0 24 24"
                          >
                            <path
                              d="M20 12l-1.41-1.41L13 16.17V4h-2v12.17l-5.58-5.59L4 12l8 8 8-8z"
                            />
                          </svg>
                        </span>
                        <span
                          class="MuiTouchRipple-root"
                        />
                      </button>
                    </span>
                  </th>
                  <th
                    class="MuiTableCell-root MuiTableCell-head MTableHeader-header-187 MuiTableCell-alignLeft"
                    scope="col"
                    style="box-sizing: border-box;"
                  >
                    <span
                      aria-disabled="false"
                      class="MuiButtonBase-root MuiTableSortLabel-root"
                      role="button"
                      tabindex="0"
                    >
                      <div
                        aria-roledescription="Draggable item. Press space bar to lift"
                        data-react-beautiful-dnd-drag-handle="0"
                        data-react-beautiful-dnd-draggable="0"
                        draggable="false"
                        tabindex="0"
                      >
                        Оформлен
                      </div>
                      <button
                        class="MuiButtonBase-root MuiIconButton-root MuiIconButton-sizeSmall"
                        tabindex="0"
                        type="button"
                      >
                        <span
                          class="MuiIconButton-label"
                        >
                          <svg
                            aria-hidden="true"
                            class="MuiSvgIcon-root MuiTableSortLabel-icon MuiTableSortLabel-iconDirectionDesc"
                            focusable="false"
                            role="presentation"
                            style="margin: 0px;"
                            viewBox="0 0 24 24"
                          >
                            <path
                              d="M20 12l-1.41-1.41L13 16.17V4h-2v12.17l-5.58-5.59L4 12l8 8 8-8z"
                            />
                          </svg>
                        </span>
                        <span
                          class="MuiTouchRipple-root"
                        />
                      </button>
                    </span>
                  </th>
                  <th
                    class="MuiTableCell-root MuiTableCell-head MTableHeader-header-187 MuiTableCell-alignLeft"
                    scope="col"
                    style="box-sizing: border-box;"
                  >
                    <span
                      aria-disabled="false"
                      class="MuiButtonBase-root MuiTableSortLabel-root"
                      role="button"
                      tabindex="0"
                    >
                      <div
                        aria-roledescription="Draggable item. Press space bar to lift"
                        data-react-beautiful-dnd-drag-handle="0"
                        data-react-beautiful-dnd-draggable="0"
                        draggable="false"
                        tabindex="0"
                      >
                        Завершен
                      </div>
                      <button
                        class="MuiButtonBase-root MuiIconButton-root MuiIconButton-sizeSmall"
                        tabindex="0"
                        type="button"
                      >
                        <span
                          class="MuiIconButton-label"
                        >
                          <svg
                            aria-hidden="true"
                            class="MuiSvgIcon-root MuiTableSortLabel-icon MuiTableSortLabel-iconDirectionDesc"
                            focusable="false"
                            role="presentation"
                            style="margin: 0px;"
                            viewBox="0 0 24 24"
                          >
                            <path
                              d="M20 12l-1.41-1.41L13 16.17V4h-2v12.17l-5.58-5.59L4 12l8 8 8-8z"
                            />
                          </svg>
                        </span>
                        <span
                          class="MuiTouchRipple-root"
                        />
                      </button>
                    </span>
                  </th>
                </tr>
              </thead>
              <tbody
                class="MuiTableBody-root"
              >
                <tr
                  class="MuiTableRow-root"
                  style="height: 10px;"
                >
                  <td
                    class="MuiTableCell-root MuiTableCell-body"
                  >
                    <div
                      class="MuiFormControl-root MuiTextField-root"
                      style="float: right;"
                    >
                      <div
                        class="MuiInputBase-root MuiInput-root MuiInput-underline MuiInputBase-formControl MuiInput-formControl MuiInputBase-adornedStart"
                      >
                        <div
                          class="MuiInputAdornment-root MuiInputAdornment-positionStart"
                        >
                          <svg
                            aria-hidden="true"
                            class="MuiSvgIcon-root"
                            focusable="false"
                            role="presentation"
                            style="display: none;"
                            title="Фильтровать"
                            viewBox="0 0 24 24"
                          >
                            <path
                              d="M10 18h4v-2h-4v2zM3 6v2h18V6H3zm3 7h12v-2H6v2z"
                            />
                          </svg>
                        </div>
                        <input
                          aria-invalid="false"
                          class="MuiInputBase-input MuiInput-input MuiInputBase-inputAdornedStart"
                          placeholder=""
                          type="number"
                          value=""
                        />
                      </div>
                    </div>
                  </td>
                  <td
                    class="MuiTableCell-root MuiTableCell-body"
                  >
                    <div
                      class="MuiFormControl-root MuiTextField-root"
                    >
                      <div
                        class="MuiInputBase-root MuiInput-root MuiInput-underline MuiInputBase-formControl MuiInput-formControl MuiInputBase-adornedStart"
                      >
                        <div
                          class="MuiInputAdornment-root MuiInputAdornment-positionStart"
                        >
                          <svg
                            aria-hidden="true"
                            class="MuiSvgIcon-root"
                            focusable="false"
                            role="presentation"
                            style="display: none;"
                            title="Фильтровать"
                            viewBox="0 0 24 24"
                          >
                            <path
                              d="M10 18h4v-2h-4v2zM3 6v2h18V6H3zm3 7h12v-2H6v2z"
                            />
                          </svg>
                        </div>
                        <input
                          aria-invalid="false"
                          class="MuiInputBase-input MuiInput-input MuiInputBase-inputAdornedStart MuiInputBase-inputTypeSearch MuiInput-inputTypeSearch"
                          placeholder=""
                          type="search"
                          value=""
                        />
                      </div>
                    </div>
                  </td>
                  <td
                    class="MuiTableCell-root MuiTableCell-body"
                  >
                    <div
                      class="MuiFormControl-root MuiTextField-root"
                    >
                      <div
                        class="MuiInputBase-root MuiInput-root MuiInput-underline MuiInputBase-formControl MuiInput-formControl MuiInputBase-adornedStart"
                      >
                        <div
                          class="MuiInputAdornment-root MuiInputAdornment-positionStart"
                        >
                          <svg
                            aria-hidden="true"
                            class="MuiSvgIcon-root"
                            focusable="false"
                            role="presentation"
                            style="display: none;"
                            title="Фильтровать"
                            viewBox="0 0 24 24"
                          >
                            <path
                              d="M10 18h4v-2h-4v2zM3 6v2h18V6H3zm3 7h12v-2H6v2z"
                            />
                          </svg>
                        </div>
                        <input
                          aria-invalid="false"
                          class="MuiInputBase-input MuiInput-input MuiInputBase-inputAdornedStart MuiInputBase-inputTypeSearch MuiInput-inputTypeSearch"
                          placeholder=""
                          type="search"
                          value=""
                        />
                      </div>
                    </div>
                  </td>
                  <td
                    class="MuiTableCell-root MuiTableCell-body"
                  >
                    <div
                      class="MuiFormControl-root MuiTextField-root"
                    >
                      <div
                        class="MuiInputBase-root MuiInput-root MuiInput-underline MuiInputBase-formControl MuiInput-formControl MuiInputBase-adornedStart"
                      >
                        <div
                          class="MuiInputAdornment-root MuiInputAdornment-positionStart"
                        >
                          <svg
                            aria-hidden="true"
                            class="MuiSvgIcon-root"
                            focusable="false"
                            role="presentation"
                            style="display: none;"
                            title="Фильтровать"
                            viewBox="0 0 24 24"
                          >
                            <path
                              d="M10 18h4v-2h-4v2zM3 6v2h18V6H3zm3 7h12v-2H6v2z"
                            />
                          </svg>
                        </div>
                        <input
                          aria-invalid="false"
                          class="MuiInputBase-input MuiInput-input MuiInputBase-inputAdornedStart MuiInputBase-inputTypeSearch MuiInput-inputTypeSearch"
                          placeholder=""
                          type="search"
                          value=""
                        />
                      </div>
                    </div>
                  </td>
                  <td
                    class="MuiTableCell-root MuiTableCell-body"
                  >
                    <div
                      class="MuiFormControl-root MuiTextField-root"
                    >
                      <div
                        class="MuiInputBase-root MuiInput-root MuiInput-underline MuiInputBase-formControl MuiInput-formControl MuiInputBase-adornedStart"
                      >
                        <div
                          class="MuiInputAdornment-root MuiInputAdornment-positionStart"
                        >
                          <svg
                            aria-hidden="true"
                            class="MuiSvgIcon-root"
                            focusable="false"
                            role="presentation"
                            style="display: none;"
                            title="Фильтровать"
                            viewBox="0 0 24 24"
                          >
                            <path
                              d="M10 18h4v-2h-4v2zM3 6v2h18V6H3zm3 7h12v-2H6v2z"
                            />
                          </svg>
                        </div>
                        <input
                          aria-invalid="false"
                          class="MuiInputBase-input MuiInput-input MuiInputBase-inputAdornedStart MuiInputBase-inputTypeSearch MuiInput-inputTypeSearch"
                          placeholder=""
                          type="search"
                          value=""
                        />
                      </div>
                    </div>
                  </td>
                  <td
                    class="MuiTableCell-root MuiTableCell-body"
                  >
                    <div
                      class="MuiFormControl-root MuiTextField-root"
                    >
                      <div
                        class="MuiInputBase-root MuiInput-root MuiInput-underline MuiInputBase-formControl MuiInput-formControl MuiInputBase-adornedStart"
                      >
                        <div
                          class="MuiInputAdornment-root MuiInputAdornment-positionStart"
                        >
                          <svg
                            aria-hidden="true"
                            class="MuiSvgIcon-root"
                            focusable="false"
                            role="presentation"
                            style="display: none;"
                            title="Фильтровать"
                            viewBox="0 0 24 24"
                          >
                            <path
                              d="M10 18h4v-2h-4v2zM3 6v2h18V6H3zm3 7h12v-2H6v2z"
                            />
                          </svg>
                        </div>
                        <input
                          aria-invalid="false"
                          class="MuiInputBase-input MuiInput-input MuiInputBase-inputAdornedStart MuiInputBase-inputTypeSearch MuiInput-inputTypeSearch"
                          placeholder=""
                          type="search"
                          value=""
                        />
                      </div>
                    </div>
                  </td>
                  <td
                    class="MuiTableCell-root MuiTableCell-body"
                  >
                    <div
                      class="MuiFormControl-root MuiTextField-root"
                      format="MMMM do"
                    >
                      <div
                        class="MuiInputBase-root MuiInput-root MuiInput-underline MuiInputBase-formControl MuiInput-formControl"
                      >
                        <input
                          aria-invalid="false"
                          class="MuiInputBase-input MuiInput-input"
                          readonly=""
                          type="text"
                          value=""
                        />
                      </div>
                    </div>
                  </td>
                  <td
                    class="MuiTableCell-root MuiTableCell-body"
                  >
                    <div
                      class="MuiFormControl-root MuiTextField-root"
                      format="MMMM do"
                    >
                      <div
                        class="MuiInputBase-root MuiInput-root MuiInput-underline MuiInputBase-formControl MuiInput-formControl"
                      >
                        <input
                          aria-invalid="false"
                          class="MuiInputBase-input MuiInput-input"
                          readonly=""
                          type="text"
                          value=""
                        />
                      </div>
                    </div>
                  </td>
                </tr>
                <tr
                  class="MuiTableRow-root"
                  index="0"
                  level="0"
                  path="0"
                  style="transition: all ease 300ms;"
                >
                  <td
                    class="MuiTableCell-root MuiTableCell-body MuiTableCell-alignRight"
                    style="width: 20px; box-sizing: border-box; max-width: 20px;"
                    value="1"
                  >
                    <a
                      href="/passport/1"
                    >
                      1
                    </a>
                  </td>
                  <td
                    class="MuiTableCell-root MuiTableCell-body MuiTableCell-alignLeft"
                    style="box-sizing: border-box; white-space: nowrap;"
                    value="name"
                  >
                    name
                  </td>
                  <td
                    class="MuiTableCell-root MuiTableCell-body MuiTableCell-alignLeft"
                    style="box-sizing: border-box;"
                    value="note"
                  >
                    note
                  </td>
                  <td
                    class="MuiTableCell-root MuiTableCell-body MuiTableCell-alignLeft"
                    style="box-sizing: border-box;"
                    value="Ivanov"
                  >
                    Ivanov
                  </td>
                  <td
                    class="MuiTableCell-root MuiTableCell-body MuiTableCell-alignLeft"
                    style="box-sizing: border-box;"
                    value="client"
                  >
                    client
                  </td>
                  <td
                    class="MuiTableCell-root MuiTableCell-body MuiTableCell-alignLeft"
                    style="box-sizing: border-box;"
                    value="cash"
                  >
                    cash
                  </td>
                  <td
                    class="MuiTableCell-root MuiTableCell-body MuiTableCell-alignLeft"
                    style="box-sizing: border-box;"
                    value="10.09.19"
                  >
                    10.09.19
                  </td>
                  <td
                    class="MuiTableCell-root MuiTableCell-body MuiTableCell-alignLeft"
                    style="box-sizing: border-box;"
                    value="11.09.19"
                  >
                    11.09.19
                  </td>
                </tr>
                <tr
                  class="MuiTableRow-root"
                  style="height: 49px;"
                />
                <tr
                  class="MuiTableRow-root"
                  style="height: 49px;"
                />
                <tr
                  class="MuiTableRow-root"
                  style="height: 49px;"
                />
                <tr
                  class="MuiTableRow-root"
                  style="height: 49px;"
                />
                <tr
                  class="MuiTableRow-root"
                  style="height: 1px;"
                />
              </tbody>
            </table>
          </div>
        </div>
      </div>
    </div>
    <table
      class="MuiTable-root"
    >
      <tfoot
        class="MuiTableFooter-root"
        style="display: grid;"
      >
        <tr
          class="MuiTableRow-root MuiTableRow-footer"
        >
          <td
            class="MuiTableCell-root MuiTableCell-footer MuiTablePagination-root Component-paginationRoot-1"
            colspan="3"
            icons="[object Object]"
            style="float: right; overflow-x: auto;"
          >
            <div
              class="MuiToolbar-root MuiToolbar-regular MuiTablePagination-toolbar Component-paginationToolbar-2 MuiToolbar-gutters"
            >
              <div
                class="MuiTablePagination-spacer"
              />
              <p
                class="MuiTypography-root MuiTablePagination-caption Component-paginationCaption-3 MuiTypography-body2 MuiTypography-colorInherit"
              >
                Строк на странице
              </p>
              <div
                class="MuiInputBase-root MuiTablePagination-input MuiTablePagination-selectRoot Component-paginationSelectRoot-4"
              >
                <div
                  aria-haspopup="listbox"
                  aria-labelledby=" "
                  class="MuiSelect-root MuiSelect-select MuiTablePagination-select MuiSelect-selectMenu MuiInputBase-input"
                  role="button"
                  tabindex="0"
                >
                  <div
                    style="padding: 0px 5px;"
                  >
                    5 строк 
                  </div>
                </div>
                <input
                  type="hidden"
                  value="5"
                />
                <svg
                  aria-hidden="true"
                  class="MuiSvgIcon-root MuiSelect-icon MuiTablePagination-selectIcon"
                  focusable="false"
                  role="presentation"
                  viewBox="0 0 24 24"
                >
                  <path
                    d="M7 10l5 5 5-5z"
                  />
                </svg>
              </div>
              <p
                class="MuiTypography-root MuiTablePagination-caption Component-paginationCaption-3 MuiTypography-body2 MuiTypography-colorInherit"
              >
                 1-1 из 1
              </p>
              <div
                class="MTablePaginationInner-root-252"
              >
                <span
                  class=""
                  title="Первая страница"
                >
                  <button
                    aria-label="Первая страница"
                    class="MuiButtonBase-root MuiIconButton-root Mui-disabled Mui-disabled"
                    disabled=""
                    tabindex="-1"
                    type="button"
                  >
                    <span
                      class="MuiIconButton-label"
                    >
                      <svg
                        aria-hidden="true"
                        class="MuiSvgIcon-root"
                        focusable="false"
                        role="presentation"
                        viewBox="0 0 24 24"
                      >
                        <path
                          d="M18.41 16.59L13.82 12l4.59-4.59L17 6l-6 6 6 6zM6 6h2v12H6z"
                        />
                      </svg>
                    </span>
                  </button>
                </span>
                <span
                  class=""
                  title="Предыдущая страница"
                >
                  <button
                    aria-label="Предыдущая страница"
                    class="MuiButtonBase-root MuiIconButton-root Mui-disabled Mui-disabled"
                    disabled=""
                    tabindex="-1"
                    type="button"
                  >
                    <span
                      class="MuiIconButton-label"
                    >
                      <svg
                        aria-hidden="true"
                        class="MuiSvgIcon-root"
                        focusable="false"
                        role="presentation"
                        viewBox="0 0 24 24"
                      >
                        <path
                          d="M15.41 7.41L14 6l-6 6 6 6 1.41-1.41L10.83 12z"
                        />
                      </svg>
                    </span>
                  </button>
                </span>
                <span
                  class="MuiTypography-root MuiTypography-caption"
                  style="flex: 1; text-align: center; align-self: center; flex-basis: inherit;"
                >
                   1-1 из 1
                </span>
                <span
                  class=""
                  title="Следующая страница"
                >
                  <button
                    aria-label="Следующая страница"
                    class="MuiButtonBase-root MuiIconButton-root Mui-disabled Mui-disabled"
                    disabled=""
                    tabindex="-1"
                    type="button"
                  >
                    <span
                      class="MuiIconButton-label"
                    >
                      <svg
                        aria-hidden="true"
                        class="MuiSvgIcon-root"
                        focusable="false"
                        role="presentation"
                        viewBox="0 0 24 24"
                      >
                        <path
                          d="M10 6L8.59 7.41 13.17 12l-4.58 4.59L10 18l6-6z"
                        />
                      </svg>
                    </span>
                  </button>
                </span>
                <span
                  class=""
                  title="Последняя страница"
                >
                  <button
                    aria-label="Последняя страница"
                    class="MuiButtonBase-root MuiIconButton-root Mui-disabled Mui-disabled"
                    disabled=""
                    tabindex="-1"
                    type="button"
                  >
                    <span
                      class="MuiIconButton-label"
                    >
                      <svg
                        aria-hidden="true"
                        class="MuiSvgIcon-root"
                        focusable="false"
                        role="presentation"
                        viewBox="0 0 24 24"
                      >
                        <path
                          d="M5.59 7.41L10.18 12l-4.59 4.59L7 18l6-6-6-6zM16 6h2v12h-2z"
                        />
                      </svg>
                    </span>
                  </button>
                </span>
              </div>
            </div>
          </td>
        </tr>
      </tfoot>
    </table>
  </div>
  ,
</DocumentFragment>
`;
